[round 1] running I-MAPPO (Semantic Library)
[round 1] imappo_semantic seed=7 episodes=3000
[round 1] imappo_semantic seed=11 episodes=3000
[round 1] imappo_semantic seed=23 episodes=3000
[round 1] imappo_semantic seed=42 episodes=3000
[round 1] imappo_semantic seed=100 episodes=3000
[round 1] imappo_semantic seed=42 complete
[round 1] imappo_semantic seed=23 complete
[round 1] imappo_semantic seed=7 complete
[round 1] imappo_semantic seed=11 complete
[round 1] imappo_semantic seed=100 complete
[round 1] running I-MAPPO (One-hot)
[round 1] imappo_onehot seed=7 episodes=3000
[round 1] imappo_onehot seed=11 episodes=3000
[round 1] imappo_onehot seed=23 episodes=3000
[round 1] imappo_onehot seed=42 episodes=3000
[round 1] imappo_onehot seed=100 episodes=3000
[round 1] imappo_onehot seed=7 complete
[round 1] imappo_onehot seed=42 complete
[round 1] imappo_onehot seed=100 complete
[round 1] imappo_onehot seed=11 complete
[round 1] imappo_onehot seed=23 complete
[round 1] running MAPPO
[round 1] mappo seed=7 episodes=3000
[round 1] mappo seed=11 episodes=3000
[round 1] mappo seed=23 episodes=3000
[round 1] mappo seed=42 episodes=3000
[round 1] mappo seed=100 episodes=3000
[round 1] mappo seed=23 complete
[round 1] mappo seed=100 complete
[round 1] mappo seed=7 complete
[round 1] mappo seed=42 complete
[round 1] mappo seed=11 complete
[round 1] running QMIX/VDN
[round 1] qmix_vdn seed=7 episodes=3000
[round 1] qmix_vdn seed=11 episodes=3000
[round 1] qmix_vdn seed=23 episodes=3000
[round 1] qmix_vdn seed=42 episodes=3000
[round 1] qmix_vdn seed=100 episodes=3000
[round 1] qmix_vdn seed=23 complete
[round 1] qmix_vdn seed=42 complete
[round 1] qmix_vdn seed=100 complete
[round 1] qmix_vdn seed=7 complete
[round 1] qmix_vdn seed=11 complete
[round 1] running I-MAPPO (Full)
[round 1] ablation_full seed=7 episodes=3000
[round 1] ablation_full seed=11 episodes=3000
[round 1] ablation_full seed=23 episodes=3000
[round 1] ablation_full seed=42 episodes=3000
[round 1] ablation_full seed=100 episodes=3000
[round 1] ablation_full seed=42 complete
[round 1] ablation_full seed=100 complete
[round 1] ablation_full seed=23 complete
[round 1] ablation_full seed=11 complete
[round 1] ablation_full seed=7 complete
[round 1] running I-MAPPO (w/o Masking)
[round 1] ablation_no_masking seed=7 episodes=3000
[round 1] ablation_no_masking seed=11 episodes=3000
[round 1] ablation_no_masking seed=23 episodes=3000
[round 1] ablation_no_masking seed=42 episodes=3000
[round 1] ablation_no_masking seed=100 episodes=3000
[round 1] ablation_no_masking seed=7 complete
[round 1] ablation_no_masking seed=23 complete
[round 1] ablation_no_masking seed=11 complete
[round 1] ablation_no_masking seed=100 complete
[round 1] ablation_no_masking seed=42 complete
[round 1] running I-MAPPO (w/o Reward)
[round 1] ablation_no_reward seed=7 episodes=3000
[round 1] ablation_no_reward seed=11 episodes=3000
[round 1] ablation_no_reward seed=23 episodes=3000
[round 1] ablation_no_reward seed=42 episodes=3000
[round 1] ablation_no_reward seed=100 episodes=3000
